<?xml version="1.0" encoding="utf-8"?><testsuites><testsuite name="pytest" errors="0" failures="0" skipped="0" tests="52" time="0.660" timestamp="2025-05-03T16:02:59.988857+05:30" hostname="admins-MacBook-Pro.local"><testcase classname="tests.integration.test_miner_validator.TestMinerValidatorIntegration" name="test_miner_response_to_validator" time="0.010" /><testcase classname="tests.integration.test_miner_validator.TestMinerValidatorIntegration" name="test_validator_evaluation_of_miner_response" time="0.006" /><testcase classname="tests.integration.test_miner_validator.TestMinerValidatorIntegration" name="test_miner_validator_end_to_end" time="0.005" /><testcase classname="tests.unit.miner.test_miner.TestBinaryClassificationMiner" name="test_init" time="0.004" /><testcase classname="tests.unit.miner.test_miner.TestBinaryClassificationMiner" name="test_model_architecture" time="0.004" /><testcase classname="tests.unit.miner.test_miner.TestBinaryClassificationMiner" name="test_forward" time="0.005" /><testcase classname="tests.unit.miner.test_miner.TestBinaryClassificationMiner" name="test_forward_negative_case" time="0.005" /><testcase classname="tests.unit.miner.test_miner.TestBinaryClassificationMiner" name="test_forward_exception_handling" time="0.006" /><testcase classname="tests.unit.miner.test_miner.TestBinaryClassificationMiner" name="test_model_device" time="0.004" /><testcase classname="tests.unit.miner.test_train.TestConversationDataset" name="test_init" time="0.000" /><testcase classname="tests.unit.miner.test_train.TestConversationDataset" name="test_len" time="0.000" /><testcase classname="tests.unit.miner.test_train.TestConversationDataset" name="test_getitem" time="0.001" /><testcase classname="tests.unit.miner.test_train.TestDataLoading" name="test_load_data" time="0.011" /><testcase classname="tests.unit.miner.test_train.TestDataLoading" name="test_load_data_missing_columns" time="0.002" /><testcase classname="tests.unit.miner.test_train.TestModelTraining" name="test_train_model" time="0.006" /><testcase classname="tests.unit.miner.test_train.TestModelTraining" name="test_save_model" time="0.003" /><testcase classname="tests.unit.miner.test_train.TestModelTraining" name="test_load_model" time="0.049" /><testcase classname="tests.unit.utils.test_configuration.TestConfiguration" name="test_miner_config_defaults" time="0.000" /><testcase classname="tests.unit.utils.test_configuration.TestConfiguration" name="test_validator_config_defaults" time="0.000" /><testcase classname="tests.unit.utils.test_configuration.TestConfiguration" name="test_logging_config_defaults" time="0.000" /><testcase classname="tests.unit.utils.test_configuration.TestConfiguration" name="test_main_config_defaults" time="0.004" /><testcase classname="tests.unit.utils.test_configuration.TestConfiguration" name="test_config_customization" time="0.003" /><testcase classname="tests.unit.utils.test_configuration.TestConfiguration" name="test_load_config_from_yaml" time="0.003" /><testcase classname="tests.unit.utils.test_configuration.TestConfiguration" name="test_load_config_from_env" time="0.003" /><testcase classname="tests.unit.utils.test_configuration.TestConfiguration" name="test_load_config_priority" time="0.002" /><testcase classname="tests.unit.utils.test_feature_validation.TestFeatureValidation" name="test_validate_features_valid" time="0.000" /><testcase classname="tests.unit.utils.test_feature_validation.TestFeatureValidation" name="test_validate_features_missing" time="0.001" /><testcase classname="tests.unit.utils.test_feature_validation.TestFeatureValidation" name="test_validate_features_wrong_type" time="0.001" /><testcase classname="tests.unit.utils.test_feature_validation.TestFeatureValidation" name="test_find_missing_or_invalid_features" time="0.000" /><testcase classname="tests.unit.utils.test_feature_validation.TestFeatureValidation" name="test_get_numeric_features" time="0.001" /><testcase classname="tests.unit.validator.test_forward.TestForward" name="test_generate_ground_truth_positive_rule1" time="0.000" /><testcase classname="tests.unit.validator.test_forward.TestForward" name="test_generate_ground_truth_positive_rule2" time="0.000" /><testcase classname="tests.unit.validator.test_forward.TestForward" name="test_generate_ground_truth_negative" time="0.000" /><testcase classname="tests.unit.validator.test_forward.TestForward" name="test_validate_prediction_valid" time="0.000" /><testcase classname="tests.unit.validator.test_forward.TestForward" name="test_validate_prediction_invalid_missing_keys" time="0.000" /><testcase classname="tests.unit.validator.test_forward.TestForward" name="test_validate_prediction_invalid_values" time="0.000" /><testcase classname="tests.unit.validator.test_forward.TestForward" name="test_forward" time="0.001" /><testcase classname="tests.unit.validator.test_reward.TestValidator" name="test_init" time="0.000" /><testcase classname="tests.unit.validator.test_reward.TestValidator" name="test_classification_reward_correct_positive" time="0.000" /><testcase classname="tests.unit.validator.test_reward.TestValidator" name="test_classification_reward_correct_negative" time="0.000" /><testcase classname="tests.unit.validator.test_reward.TestValidator" name="test_classification_reward_incorrect" time="0.000" /><testcase classname="tests.unit.validator.test_reward.TestValidator" name="test_regression_reward_positive" time="0.000" /><testcase classname="tests.unit.validator.test_reward.TestValidator" name="test_regression_reward_negative" time="0.000" /><testcase classname="tests.unit.validator.test_reward.TestValidator" name="test_diversity_reward" time="0.000" /><testcase classname="tests.unit.validator.test_reward.TestValidator" name="test_calculate_time_reward" time="0.000" /><testcase classname="tests.unit.validator.test_reward.TestValidator" name="test_prediction_reward" time="0.000" /><testcase classname="tests.unit.validator.test_reward.TestValidator" name="test_total_reward" time="0.000" /><testcase classname="tests.unit.validator.test_reward.TestValidator" name="test_update_ema" time="0.000" /><testcase classname="tests.unit.validator.test_reward.TestValidator" name="test_update_class_weights" time="0.000" /><testcase classname="tests.unit.validator.test_reward.TestValidator" name="test_reward_full_flow" time="0.001" /><testcase classname="tests.unit.validator.test_reward.TestValidator" name="test_get_rewards" time="0.003" /><testcase classname="tests.unit.validator.test_reward.TestValidator" name="test_get_weights" time="0.001" /></testsuite></testsuites>